
[1m[46m RUN [49m[22m [36mv4.1.2 [39m[90mC:/Users/pranj/.gemini/antigravity/scratch/alert-manager/frontend[39m

node.exe : 
[31mΓÄ»ΓÄ»ΓÄ»ΓÄ»ΓÄ»ΓÄ»[39m[1m[41m 
Unhandled Errors 
[49m[22m[31mΓÄ»ΓÄ»ΓÄ»ΓÄ»ΓÄ»ΓÄ»[39m
At line:1 char:1
+ & "C:\Program Files\nodejs/node.exe" 
"C:\Users\pranj\AppData\Roaming\ ...
+ ~~~~~~~~~~~~~~~~~~~~~~~~~~~~~~~~~~~~~~
~~~~~~~~~~~~~~~~~~~~~~~~~~~~~~~
    + CategoryInfo          : NotSpecif 
   ied: ([31mΓÄ»ΓÄ»ΓÄ»Γ...»ΓÄ»ΓÄ»ΓÄ»  
  [39m:String) [], RemoteException
    + FullyQualifiedErrorId : NativeCom 
   mandError
 
[31m[1m
Vitest caught 1 unhandled error during 
the test run.
This might cause false positive tests. 
Resolve unhandled errors to make sure 
your tests are not affected.[22m[39m

[31mΓÄ»ΓÄ»ΓÄ»ΓÄ»ΓÄ»ΓÄ»[39m[1m[41m 
Unhandled Error [49m[22m[31mΓÄ»ΓÄ»ΓÄ»
ΓÄ»ΓÄ»ΓÄ»ΓÄ»[39m
[31m[1mError[22m: [vitest-pool]: 
Failed to start forks worker for test 
files C:/Users/pranj/.gemini/antigravity
/scratch/alert-manager/frontend/src/test
s/Dashboard.test.jsx.[39m
[90m [2mΓ¥»[22m ../../../../../AppDat
a/Local/npm-cache/_npx/69c381f8ad94b576/
node_modules/vitest/dist/chunks/cli-api.
Bxr1Nn49.js:[2m3450:94[22m[39m
[90m [2mΓ¥»[22m 
processTicksAndRejections node:internal/
process/task_queues:[2m103:5[22m[39m
[90m [2mΓ¥»[22m Pool.schedule ../../.
./../../AppData/Local/npm-cache/_npx/69c
381f8ad94b576/node_modules/vitest/dist/c
hunks/cli-api.Bxr1Nn49.js:[2m3450:5[22
m[39m

[31m[1mCaused by: Error[22m: Cannot 
find package 'jsdom' imported from C:\Us
ers\pranj\AppData\Local\npm-cache\_npx\6
9c381f8ad94b576\node_modules\vitest\dist
\chunks\index.DC7d2Pf8.js[39m
[90m [2mΓ¥»[22m 
Object.getPackageJSONURL node:internal/m
odules/package_json_reader:[2m301:9[22
m[39m
[90m [2mΓ¥»[22m packageResolve node:i
nternal/modules/esm/resolve:[2m769:81[
22m[39m
[90m [2mΓ¥»[22m moduleResolve node:in
ternal/modules/esm/resolve:[2m860:18[2
2m[39m
[90m [2mΓ¥»[22m defaultResolve node:i
nternal/modules/esm/resolve:[2m992:11[
22m[39m
[90m [2mΓ¥»[22m 
#cachedDefaultResolve node:internal/modu
les/esm/loader:[2m719:20[22m[39m
[90m [2mΓ¥»[22m 
#resolveAndMaybeBlockOnLoaderThread node
:internal/modules/esm/loader:[2m736:38
[22m[39m
[90m [2mΓ¥»[22m 
ModuleLoader.resolveSync node:internal/m
odules/esm/loader:[2m765:52[22m[39m
[90m [2mΓ¥»[22m #resolve node:interna
l/modules/esm/loader:[2m701:17[22m[39
m
[90m [2mΓ¥»[22m 
ModuleLoader.getOrCreateModuleJob node:i
nternal/modules/esm/loader:[2m621:35[2
2m[39m
[90m [2mΓ¥»[22m 
onImport.tracePromise.__proto__ node:int
ernal/modules/esm/loader:[2m650:32[22m
[39m

[31m[2mΓÄ»ΓÄ»ΓÄ»ΓÄ»ΓÄ»ΓÄ»ΓÄ»ΓÄ»ΓÄ»ΓÄ»Γ
Ä»ΓÄ»ΓÄ»ΓÄ»ΓÄ»ΓÄ»ΓÄ»ΓÄ»ΓÄ»ΓÄ»ΓÄ»ΓÄ»ΓÄ»ΓÄ
»ΓÄ»ΓÄ»ΓÄ»ΓÄ»ΓÄ»ΓÄ»[22m[39m
[31m[1mSerialized Error:[22m[39m 
[90m{ code: 'ERR_MODULE_NOT_FOUND' 
}[39m
[31mΓÄ»ΓÄ»ΓÄ»ΓÄ»ΓÄ»ΓÄ»ΓÄ»ΓÄ»ΓÄ»ΓÄ»ΓÄ»ΓÄ
»ΓÄ»ΓÄ»ΓÄ»ΓÄ»ΓÄ»ΓÄ»ΓÄ»ΓÄ»ΓÄ»ΓÄ»ΓÄ»ΓÄ»ΓÄ»
ΓÄ»ΓÄ»ΓÄ»ΓÄ»ΓÄ»[39m


[2m Test Files [22m [2mno tests[22m
[2m      Tests [22m [2mno tests[22m
[2m     Errors [22m [1m[31m1 error[39m[22m
[2m   Start at [22m 14:31:17
[2m   Duration [22m 430ms[2m (transform 0ms, setup 0ms, import 0ms, tests 0ms, environment 0ms)[22m

